<!doctype html public "-//w3c//dtd html 4.0 transitional//en">
<html><head>
<title>Static Call Graph - [.\Objects\Prog_02.axf]</title></head>
<body><HR>
<H1>Static Call Graph for image .\Objects\Prog_02.axf</H1><HR>
<BR><P>#&#060CALLGRAPH&#062# ARM Linker, 5060960: Last Updated: Wed Mar 30 17:14:04 2022
<BR><P>
<H3>Maximum Stack Usage =          0 bytes</H3><H3>
Call chain for Maximum Stack Depth:</H3>

<P>
<H3>
Global Symbols
</H3><P>
<H3>
Local Symbols
</H3><P>
<H3>
Undefined Global Symbols
</H3><HR></body></html>
